[2026-03-11T10:14:54+00:00] === CRON FOLLOW-UP START ===
[2026-03-11T10:14:54+00:00] No active follow-up rules found. Exiting.
[2026-03-11T10:15:02+00:00] === CRON FOLLOW-UP START ===
[2026-03-11T10:15:02+00:00] No active follow-up rules found. Exiting.
[2026-03-11T10:17:18+00:00] === CRON FOLLOW-UP START ===
[2026-03-11T10:17:19+00:00] No active follow-up rules found. Exiting.
[2026-03-11T10:17:44+00:00] === CRON FOLLOW-UP START ===
[2026-03-11T10:17:44+00:00] Found 1 active rule(s).
[2026-03-11T10:17:44+00:00] Processing company: 0632a3c1-2734-4303-9341-f1b2db7f977a (delay1=2d, delay2=5d, max=2)
[2026-03-11T10:17:44+00:00]   Found 2 eligible lead(s).
[2026-03-11T10:17:45+00:00]   SENT follow-up #1 to iu.spedition@gmail.com for lead 99f1a1d6-2d12-450c-8b7c-9a6d4e10c8b6
[2026-03-11T10:17:45+00:00] === CRON FOLLOW-UP DONE | sent=1 errors=0 ===
[2026-03-11T10:19:07+00:00] === CRON FOLLOW-UP START ===
[2026-03-11T10:19:07+00:00] Found 1 active rule(s).
[2026-03-11T10:19:07+00:00] Processing company: 0632a3c1-2734-4303-9341-f1b2db7f977a (delay1=2d, delay2=5d, max=2)
[2026-03-11T10:19:07+00:00]   Found 2 eligible lead(s).
[2026-03-11T10:19:07+00:00] === CRON FOLLOW-UP DONE | sent=0 errors=0 ===
[2026-03-11T10:19:42+00:00] === CRON FOLLOW-UP START ===
[2026-03-11T10:19:42+00:00] Found 1 active rule(s).
[2026-03-11T10:19:42+00:00] Processing company: 0632a3c1-2734-4303-9341-f1b2db7f977a (delay1=2d, delay2=5d, max=2)
[2026-03-11T10:19:42+00:00]   Found 2 eligible lead(s).
[2026-03-11T10:19:43+00:00] === CRON FOLLOW-UP DONE | sent=0 errors=0 ===
[2026-03-11T11:00:03+00:00] === CRON FOLLOW-UP START ===
[2026-03-11T11:00:03+00:00] Found 1 active rule(s).
[2026-03-11T11:00:03+00:00] Processing company: 0632a3c1-2734-4303-9341-f1b2db7f977a (delay1=2d, delay2=5d, max=2)
[2026-03-11T11:00:03+00:00]   Found 2 eligible lead(s).
[2026-03-11T11:00:03+00:00] === CRON FOLLOW-UP DONE | sent=0 errors=0 ===
[2026-03-11T12:00:04+00:00] === CRON FOLLOW-UP START ===
[2026-03-11T12:00:04+00:00] Found 1 active rule(s).
[2026-03-11T12:00:04+00:00] Processing company: 0632a3c1-2734-4303-9341-f1b2db7f977a (delay1=2d, delay2=5d, max=2)
[2026-03-11T12:00:04+00:00]   Found 3 eligible lead(s).
[2026-03-11T12:00:05+00:00]   SENT follow-up #1 to ungureanudavid39@gmail.com5 for lead dfae4659-8237-4d75-965c-5ec61bee22ed
[2026-03-11T12:00:05+00:00] === CRON FOLLOW-UP DONE | sent=1 errors=0 ===
[2026-03-11T13:00:03+00:00] === CRON FOLLOW-UP START ===
[2026-03-11T13:00:04+00:00] Found 1 active rule(s).
[2026-03-11T13:00:04+00:00] Processing company: 0632a3c1-2734-4303-9341-f1b2db7f977a (delay1=2d, delay2=5d, max=2)
[2026-03-11T13:00:04+00:00]   Found 3 eligible lead(s).
[2026-03-11T13:00:04+00:00] === CRON FOLLOW-UP DONE | sent=0 errors=0 ===
[2026-03-11T14:00:03+00:00] === CRON FOLLOW-UP START ===
[2026-03-11T14:00:03+00:00] Found 1 active rule(s).
[2026-03-11T14:00:03+00:00] Processing company: 0632a3c1-2734-4303-9341-f1b2db7f977a (delay1=2d, delay2=5d, max=2)
[2026-03-11T14:00:03+00:00]   Found 3 eligible lead(s).
[2026-03-11T14:00:03+00:00] === CRON FOLLOW-UP DONE | sent=0 errors=0 ===
[2026-03-11T15:00:04+00:00] === CRON FOLLOW-UP START ===
[2026-03-11T15:00:05+00:00] Found 1 active rule(s).
[2026-03-11T15:00:05+00:00] Processing company: 0632a3c1-2734-4303-9341-f1b2db7f977a (delay1=2d, delay2=5d, max=2)
[2026-03-11T15:00:05+00:00]   Found 3 eligible lead(s).
[2026-03-11T15:00:05+00:00] === CRON FOLLOW-UP DONE | sent=0 errors=0 ===
[2026-03-11T16:00:03+00:00] === CRON FOLLOW-UP START ===
[2026-03-11T16:00:04+00:00] Found 1 active rule(s).
[2026-03-11T16:00:04+00:00] Processing company: 0632a3c1-2734-4303-9341-f1b2db7f977a (delay1=2d, delay2=5d, max=2)
[2026-03-11T16:00:04+00:00]   Found 3 eligible lead(s).
[2026-03-11T16:00:04+00:00] === CRON FOLLOW-UP DONE | sent=0 errors=0 ===
[2026-03-11T17:00:03+00:00] === CRON FOLLOW-UP START ===
[2026-03-11T17:00:04+00:00] Found 1 active rule(s).
[2026-03-11T17:00:04+00:00] Processing company: 0632a3c1-2734-4303-9341-f1b2db7f977a (delay1=2d, delay2=5d, max=2)
[2026-03-11T17:00:04+00:00]   Found 3 eligible lead(s).
[2026-03-11T17:00:04+00:00] === CRON FOLLOW-UP DONE | sent=0 errors=0 ===
[2026-03-11T18:00:03+00:00] === CRON FOLLOW-UP START ===
[2026-03-11T18:00:04+00:00] Found 1 active rule(s).
[2026-03-11T18:00:04+00:00] Processing company: 0632a3c1-2734-4303-9341-f1b2db7f977a (delay1=2d, delay2=5d, max=2)
[2026-03-11T18:00:04+00:00]   Found 3 eligible lead(s).
[2026-03-11T18:00:04+00:00] === CRON FOLLOW-UP DONE | sent=0 errors=0 ===
[2026-03-11T19:00:03+00:00] === CRON FOLLOW-UP START ===
[2026-03-11T19:00:03+00:00] Found 1 active rule(s).
[2026-03-11T19:00:03+00:00] Processing company: 0632a3c1-2734-4303-9341-f1b2db7f977a (delay1=2d, delay2=5d, max=2)
[2026-03-11T19:00:03+00:00]   Found 3 eligible lead(s).
[2026-03-11T19:00:04+00:00] === CRON FOLLOW-UP DONE | sent=0 errors=0 ===
[2026-03-11T20:00:03+00:00] === CRON FOLLOW-UP START ===
[2026-03-11T20:00:04+00:00] Found 1 active rule(s).
[2026-03-11T20:00:04+00:00] Processing company: 0632a3c1-2734-4303-9341-f1b2db7f977a (delay1=2d, delay2=5d, max=2)
[2026-03-11T20:00:04+00:00]   Found 3 eligible lead(s).
[2026-03-11T20:00:04+00:00] === CRON FOLLOW-UP DONE | sent=0 errors=0 ===
[2026-03-11T21:00:03+00:00] === CRON FOLLOW-UP START ===
[2026-03-11T21:00:04+00:00] Found 1 active rule(s).
[2026-03-11T21:00:04+00:00] Processing company: 0632a3c1-2734-4303-9341-f1b2db7f977a (delay1=2d, delay2=5d, max=2)
[2026-03-11T21:00:04+00:00]   Found 3 eligible lead(s).
[2026-03-11T21:00:04+00:00] === CRON FOLLOW-UP DONE | sent=0 errors=0 ===
[2026-03-11T22:00:03+00:00] === CRON FOLLOW-UP START ===
[2026-03-11T22:00:03+00:00] Found 1 active rule(s).
[2026-03-11T22:00:03+00:00] Processing company: 0632a3c1-2734-4303-9341-f1b2db7f977a (delay1=2d, delay2=5d, max=2)
[2026-03-11T22:00:03+00:00]   Found 3 eligible lead(s).
[2026-03-11T22:00:03+00:00] === CRON FOLLOW-UP DONE | sent=0 errors=0 ===
[2026-03-11T23:00:03+00:00] === CRON FOLLOW-UP START ===
[2026-03-11T23:00:04+00:00] Found 1 active rule(s).
[2026-03-11T23:00:04+00:00] Processing company: 0632a3c1-2734-4303-9341-f1b2db7f977a (delay1=2d, delay2=5d, max=2)
[2026-03-11T23:00:04+00:00]   Found 3 eligible lead(s).
[2026-03-11T23:00:04+00:00] === CRON FOLLOW-UP DONE | sent=0 errors=0 ===
[2026-03-12T00:00:04+00:00] === CRON FOLLOW-UP START ===
[2026-03-12T00:00:04+00:00] Found 1 active rule(s).
[2026-03-12T00:00:04+00:00] Processing company: 0632a3c1-2734-4303-9341-f1b2db7f977a (delay1=2d, delay2=5d, max=2)
[2026-03-12T00:00:05+00:00]   Found 3 eligible lead(s).
[2026-03-12T00:00:05+00:00] === CRON FOLLOW-UP DONE | sent=0 errors=0 ===
[2026-03-12T01:00:03+00:00] === CRON FOLLOW-UP START ===
[2026-03-12T01:00:04+00:00] Found 1 active rule(s).
[2026-03-12T01:00:04+00:00] Processing company: 0632a3c1-2734-4303-9341-f1b2db7f977a (delay1=2d, delay2=5d, max=2)
[2026-03-12T01:00:04+00:00]   Found 3 eligible lead(s).
[2026-03-12T01:00:04+00:00] === CRON FOLLOW-UP DONE | sent=0 errors=0 ===
[2026-03-12T02:00:03+00:00] === CRON FOLLOW-UP START ===
[2026-03-12T02:00:04+00:00] Found 1 active rule(s).
[2026-03-12T02:00:04+00:00] Processing company: 0632a3c1-2734-4303-9341-f1b2db7f977a (delay1=2d, delay2=5d, max=2)
[2026-03-12T02:00:04+00:00]   Found 3 eligible lead(s).
[2026-03-12T02:00:05+00:00] === CRON FOLLOW-UP DONE | sent=0 errors=0 ===
[2026-03-12T03:00:03+00:00] === CRON FOLLOW-UP START ===
[2026-03-12T03:00:04+00:00] Found 1 active rule(s).
[2026-03-12T03:00:04+00:00] Processing company: 0632a3c1-2734-4303-9341-f1b2db7f977a (delay1=2d, delay2=5d, max=2)
[2026-03-12T03:00:04+00:00]   Found 3 eligible lead(s).
[2026-03-12T03:00:04+00:00] === CRON FOLLOW-UP DONE | sent=0 errors=0 ===
[2026-03-12T04:00:03+00:00] === CRON FOLLOW-UP START ===
[2026-03-12T04:00:04+00:00] Found 1 active rule(s).
[2026-03-12T04:00:04+00:00] Processing company: 0632a3c1-2734-4303-9341-f1b2db7f977a (delay1=2d, delay2=5d, max=2)
[2026-03-12T04:00:04+00:00]   Found 3 eligible lead(s).
[2026-03-12T04:00:04+00:00] === CRON FOLLOW-UP DONE | sent=0 errors=0 ===
[2026-03-12T05:00:03+00:00] === CRON FOLLOW-UP START ===
[2026-03-12T05:00:04+00:00] Found 1 active rule(s).
[2026-03-12T05:00:04+00:00] Processing company: 0632a3c1-2734-4303-9341-f1b2db7f977a (delay1=2d, delay2=5d, max=2)
[2026-03-12T05:00:04+00:00]   Found 3 eligible lead(s).
[2026-03-12T05:00:05+00:00] === CRON FOLLOW-UP DONE | sent=0 errors=0 ===
[2026-03-12T06:00:03+00:00] === CRON FOLLOW-UP START ===
[2026-03-12T06:00:03+00:00] Found 1 active rule(s).
[2026-03-12T06:00:03+00:00] Processing company: 0632a3c1-2734-4303-9341-f1b2db7f977a (delay1=2d, delay2=5d, max=2)
[2026-03-12T06:00:03+00:00]   Found 3 eligible lead(s).
[2026-03-12T06:00:03+00:00] === CRON FOLLOW-UP DONE | sent=0 errors=0 ===
[2026-03-12T07:00:03+00:00] === CRON FOLLOW-UP START ===
[2026-03-12T07:00:03+00:00] Found 1 active rule(s).
[2026-03-12T07:00:03+00:00] Processing company: 0632a3c1-2734-4303-9341-f1b2db7f977a (delay1=2d, delay2=5d, max=2)
[2026-03-12T07:00:03+00:00]   Found 3 eligible lead(s).
[2026-03-12T07:00:03+00:00] === CRON FOLLOW-UP DONE | sent=0 errors=0 ===
[2026-03-12T08:00:02+00:00] === CRON FOLLOW-UP START ===
[2026-03-12T08:00:03+00:00] Found 1 active rule(s).
[2026-03-12T08:00:03+00:00] Processing company: 0632a3c1-2734-4303-9341-f1b2db7f977a (delay1=2d, delay2=5d, max=2)
[2026-03-12T08:00:03+00:00]   Found 3 eligible lead(s).
[2026-03-12T08:00:03+00:00] === CRON FOLLOW-UP DONE | sent=0 errors=0 ===
[2026-03-12T09:00:03+00:00] === CRON FOLLOW-UP START ===
[2026-03-12T09:00:04+00:00] Found 1 active rule(s).
[2026-03-12T09:00:04+00:00] Processing company: 0632a3c1-2734-4303-9341-f1b2db7f977a (delay1=2d, delay2=5d, max=2)
[2026-03-12T09:00:05+00:00]   Found 3 eligible lead(s).
[2026-03-12T09:00:05+00:00] === CRON FOLLOW-UP DONE | sent=0 errors=0 ===
[2026-03-12T10:00:03+00:00] === CRON FOLLOW-UP START ===
[2026-03-12T10:00:04+00:00] Found 1 active rule(s).
[2026-03-12T10:00:04+00:00] Processing company: 0632a3c1-2734-4303-9341-f1b2db7f977a (delay1=2d, delay2=5d, max=2)
[2026-03-12T10:00:04+00:00]   Found 3 eligible lead(s).
[2026-03-12T10:00:04+00:00] === CRON FOLLOW-UP DONE | sent=0 errors=0 ===
[2026-03-12T11:00:03+00:00] === CRON FOLLOW-UP START ===
[2026-03-12T11:00:03+00:00] Found 1 active rule(s).
[2026-03-12T11:00:03+00:00] Processing company: 0632a3c1-2734-4303-9341-f1b2db7f977a (delay1=2d, delay2=5d, max=2)
[2026-03-12T11:00:04+00:00]   Found 3 eligible lead(s).
[2026-03-12T11:00:04+00:00] === CRON FOLLOW-UP DONE | sent=0 errors=0 ===
[2026-03-12T12:00:03+00:00] === CRON FOLLOW-UP START ===
[2026-03-12T12:00:04+00:00] Found 1 active rule(s).
[2026-03-12T12:00:04+00:00] Processing company: 0632a3c1-2734-4303-9341-f1b2db7f977a (delay1=2d, delay2=5d, max=2)
[2026-03-12T12:00:04+00:00]   Found 3 eligible lead(s).
[2026-03-12T12:00:04+00:00] === CRON FOLLOW-UP DONE | sent=0 errors=0 ===
[2026-03-12T13:00:03+00:00] === CRON FOLLOW-UP START ===
[2026-03-12T13:00:04+00:00] Found 1 active rule(s).
[2026-03-12T13:00:04+00:00] Processing company: 0632a3c1-2734-4303-9341-f1b2db7f977a (delay1=2d, delay2=5d, max=2)
[2026-03-12T13:00:04+00:00]   Found 3 eligible lead(s).
[2026-03-12T13:00:04+00:00] === CRON FOLLOW-UP DONE | sent=0 errors=0 ===
[2026-03-12T14:00:03+00:00] === CRON FOLLOW-UP START ===
[2026-03-12T14:00:04+00:00] Found 1 active rule(s).
[2026-03-12T14:00:04+00:00] Processing company: 0632a3c1-2734-4303-9341-f1b2db7f977a (delay1=2d, delay2=5d, max=2)
[2026-03-12T14:00:04+00:00]   Found 3 eligible lead(s).
[2026-03-12T14:00:04+00:00] === CRON FOLLOW-UP DONE | sent=0 errors=0 ===
[2026-03-12T15:00:03+00:00] === CRON FOLLOW-UP START ===
[2026-03-12T15:00:04+00:00] Found 1 active rule(s).
[2026-03-12T15:00:04+00:00] Processing company: 0632a3c1-2734-4303-9341-f1b2db7f977a (delay1=2d, delay2=5d, max=2)
[2026-03-12T15:00:04+00:00]   Found 3 eligible lead(s).
[2026-03-12T15:00:04+00:00] === CRON FOLLOW-UP DONE | sent=0 errors=0 ===
[2026-03-12T16:00:04+00:00] === CRON FOLLOW-UP START ===
[2026-03-12T16:00:05+00:00] Found 1 active rule(s).
[2026-03-12T16:00:05+00:00] Processing company: 0632a3c1-2734-4303-9341-f1b2db7f977a (delay1=2d, delay2=5d, max=2)
[2026-03-12T16:00:05+00:00]   Found 3 eligible lead(s).
[2026-03-12T16:00:05+00:00] === CRON FOLLOW-UP DONE | sent=0 errors=0 ===
[2026-03-12T17:00:04+00:00] === CRON FOLLOW-UP START ===
[2026-03-12T17:00:05+00:00] Found 1 active rule(s).
[2026-03-12T17:00:05+00:00] Processing company: 0632a3c1-2734-4303-9341-f1b2db7f977a (delay1=2d, delay2=5d, max=2)
[2026-03-12T17:00:05+00:00]   Found 3 eligible lead(s).
[2026-03-12T17:00:06+00:00] === CRON FOLLOW-UP DONE | sent=0 errors=0 ===
[2026-03-12T18:00:03+00:00] === CRON FOLLOW-UP START ===
[2026-03-12T18:00:04+00:00] Found 1 active rule(s).
[2026-03-12T18:00:04+00:00] Processing company: 0632a3c1-2734-4303-9341-f1b2db7f977a (delay1=2d, delay2=5d, max=2)
[2026-03-12T18:00:04+00:00]   Found 3 eligible lead(s).
[2026-03-12T18:00:05+00:00] === CRON FOLLOW-UP DONE | sent=0 errors=0 ===
[2026-03-12T19:00:03+00:00] === CRON FOLLOW-UP START ===
[2026-03-12T19:00:04+00:00] Found 1 active rule(s).
[2026-03-12T19:00:04+00:00] Processing company: 0632a3c1-2734-4303-9341-f1b2db7f977a (delay1=2d, delay2=5d, max=2)
[2026-03-12T19:00:04+00:00]   Found 3 eligible lead(s).
[2026-03-12T19:00:04+00:00] === CRON FOLLOW-UP DONE | sent=0 errors=0 ===
[2026-03-12T20:00:03+00:00] === CRON FOLLOW-UP START ===
[2026-03-12T20:00:03+00:00] Found 1 active rule(s).
[2026-03-12T20:00:03+00:00] Processing company: 0632a3c1-2734-4303-9341-f1b2db7f977a (delay1=2d, delay2=5d, max=2)
[2026-03-12T20:00:04+00:00]   Found 3 eligible lead(s).
[2026-03-12T20:00:04+00:00] === CRON FOLLOW-UP DONE | sent=0 errors=0 ===
[2026-03-12T21:00:03+00:00] === CRON FOLLOW-UP START ===
[2026-03-12T21:00:03+00:00] Found 1 active rule(s).
[2026-03-12T21:00:03+00:00] Processing company: 0632a3c1-2734-4303-9341-f1b2db7f977a (delay1=2d, delay2=5d, max=2)
[2026-03-12T21:00:03+00:00]   Found 3 eligible lead(s).
[2026-03-12T21:00:03+00:00] === CRON FOLLOW-UP DONE | sent=0 errors=0 ===
